---
source: src/data.rs
expression: "Project{user: \"brettm12345\".to_owned(),\n        repo: \"projection\".to_owned(),\n        source: Source::GitHub,}.to_url()"
---
Ok(
    "https://github.com/brettm12345/projection",
)
